// Jest Snapshot v1, https://goo.gl/fbAQLP

exports[`snapshots render home page 1`] = `
<div
  className="container"
>
  <div
    className="container"
  >
    <a
      aria-current="page"
      className="tab active"
      href="/home"
      onClick={[Function]}
      style={Object {}}
    >
      home
    </a>
    <a
      aria-current={null}
      className="tab"
      href="/score"
      onClick={[Function]}
    >
      score
    </a>
    <a
      aria-current={null}
      className="tab"
      href="/guidance"
      onClick={[Function]}
    >
      guidance
    </a>
    <a
      aria-current={null}
      className="tab"
      href="/accounts"
      onClick={[Function]}
    >
      accounts
    </a>
    <a
      aria-current={null}
      className="tab"
      href="/budget"
      onClick={[Function]}
    >
      budget
    </a>
    <a
      aria-current={null}
      className="tab profile"
      href="/profile"
      onClick={[Function]}
    >
      Profile
    </a>
  </div>
  <div
    className="body"
  >
    <div
      className="main"
    >
      <div
        className="title"
      >
        Home
      </div>
      <div>
        Loading...
      </div>
    </div>
  </div>
  <div
    className="container"
  >
    <div
      className="section"
    >
      Verified
    </div>
    <div
      className="section"
    >
      Contact Us
    </div>
    <div
      className="section"
    >
      Support
    </div>
  </div>
</div>
`;
